../Core/Src/main.c:130:5:main	72	static
../Core/Src/main.c:260:6:SystemClock_Config	72	static
../Core/Src/main.c:300:13:MX_CAN_Init	48	static
../Core/Src/main.c:356:13:MX_TIM2_Init	32	static
../Core/Src/main.c:401:13:MX_USART1_UART_Init	8	static
../Core/Src/main.c:434:13:MX_GPIO_Init	40	static
../Core/Src/main.c:460:6:HAL_CAN_RxFifo0MsgPendingCallback	16	static
../Core/Src/main.c:480:6:HAL_UART_RxCpltCallback	16	static
../Core/Src/main.c:485:6:HAL_TIM_PeriodElapsedCallback	16	static
../Core/Src/main.c:495:6:Error_Handler	4	static,ignoring_inline_asm
